{
  "_id": "_design/basic",
  "language": "javascript",
  "views": {
    "numbers": {
      "map": "function (doc) {\n  if (doc.name) {\n    emit(doc.name, null);\n  }\n}",
      "reduce": "_count"
    }
  }
}
