{
  "_id": "_design/file",
  "views": {
    "names": {
      "map": "function (doc) {\n  if (doc.name) {\n    emit(doc.name, null);\n  }\n}"
    }
  }
}
